                                                            
   [38;2;139;92;246m[1;38;2;139;92;246mChoose a Theme[m [38;2;139;92;246m───────────────────────────────────────[m[m   
   [38;2;139;92;246m[m                                                         
   [38;2;139;92;246m[38;2;139;92;246m▎ [m[38;2;108;108;108mt[m[38;2;108;108;108mype to filter[m[38;2;108;108;108m                                      [m[m   
   [38;2;139;92;246m[1;38;2;139;92;246m> [m[1;38;2;139;92;246mdefault[m  [38;2;154;154;154mhouse violet/pink (Dracula-adjacent)[m      [1;38;2;139;92;246m█[m[m   
   [38;2;139;92;246m  google  [38;2;154;154;154mGoogle News palette — blue / red / green /[m [1;38;2;139;92;246m█[m[m   
   [38;2;139;92;246m  gke  [38;2;154;154;154mGoogle Kubernetes Engine — R-B-G-Y icon-quadr[m [1;38;2;139;92;246m█[m[m   
   [38;2;139;92;246m  gopher  [38;2;154;154;154mGo brand book — Gopher Blue → Aqua gradien[m [1;38;2;139;92;246m█[m[m   
   [38;2;139;92;246m  anthropic  [38;2;154;154;154mClaude clay — warm orange[m               [1;38;2;139;92;246m█[m[m   
   [38;2;139;92;246m  gemini  [38;2;154;154;154mGemini blue / teal[m                         [38;2;154;154;154m│[m[m   
   [38;2;139;92;246m  openai  [38;2;154;154;154mOpenAI green[m                               [38;2;154;154;154m│[m[m   
   [38;2;139;92;246m  matrix  [38;2;154;154;154mgreen-on-black phosphor — wordmark cycles [m [38;2;154;154;154m│[m[m   
   [38;2;139;92;246m[m                                                         
   [38;2;139;92;246m[38;2;139;92;246m──────────────────────────────────────────────────────[m[m   
   [38;2;139;92;246m[38;2;154;154;154mtype to filter · ↑↓ preview · enter accept · esc[m[m         
   [38;2;139;92;246m[38;2;154;154;154mcancel[m[m                                                   
                                                            
                                                            