[38;2;154;154;154m    args:[m
[38;2;154;154;154m      {[m                                  
[38;2;154;154;154m        "command": "go test ./... -race",[m
[38;2;154;154;154m        "env": {[m                         
[38;2;154;154;154m          "CI": "true"[m                   
[38;2;154;154;154m        },[m                               
[38;2;154;154;154m        "timeout": 120[m                   
[38;2;154;154;154m      }[m                                  

[38;2;154;154;154m    error:[m
[38;2;255;95;95m      context deadline exceeded[m