[38;2;154;154;154m    args:[m
[38;2;154;154;154m      {[m                                  
[38;2;154;154;154m        "command": "go test ./... -race",[m
[38;2;154;154;154m        "env": {[m                         
[38;2;154;154;154m          "CI": "true"[m                   
[38;2;154;154;154m        },[m                               
[38;2;154;154;154m        "timeout": 120[m                   
[38;2;154;154;154m      }[m                                  

[38;2;154;154;154m    response:[m
[38;2;154;154;154m      {[m                                                       
[38;2;154;154;154m        "exit_code": 0,[m                                       
[38;2;154;154;154m        "output": "ok\tgithub.com/go-steer/core-tui/tui\t1.2s"[m
[38;2;154;154;154m      }[m                                                       